\BOOKMARK [1][-]{section.1}{\376\377\225\356\230\230\221\315\217\360}{}% 1
\BOOKMARK [2][-]{subsection.1.1}{\376\377\225\356\230\230\200\314\146\157}{section.1}% 2
\BOOKMARK [2][-]{subsection.1.2}{\376\377\225\356\230\230\143\320\121\372}{section.1}% 3
\BOOKMARK [1][-]{section.2}{\376\377\225\356\230\230\122\006\147\220}{}% 4
\BOOKMARK [1][-]{section.3}{\376\377\152\041\127\213\120\107\213\276}{}% 5
\BOOKMARK [1][-]{section.4}{\376\377\173\046\123\367\213\364\146\016}{}% 6
\BOOKMARK [1][-]{section.5}{\376\377\152\041\127\213\136\372\172\313\116\016\154\102\211\343}{}% 7
\BOOKMARK [2][-]{subsection.5.1}{\376\377\225\356\230\230\116\000\377\032\145\160\143\156\156\005\155\027\116\016\127\372\121\306\133\377\124\175\136\372\152\041}{section.5}% 8
\BOOKMARK [3][-]{subsubsection.5.1.1}{\376\377\137\002\136\070\150\300\155\113\116\016\136\163\156\321\131\004\164\006}{subsection.5.1}% 9
\BOOKMARK [3][-]{subsubsection.5.1.2}{\376\377\220\000\123\026\143\007\150\007\143\320\123\326}{subsection.5.1}% 10
\BOOKMARK [3][-]{subsubsection.5.1.3}{\376\377\127\372\121\306\133\377\124\175\152\041\127\213\116\016\135\114\131\127\000\040\000L\000O\000B\000O\000\040\232\214\213\301}{subsection.5.1}% 11
\BOOKMARK [2][-]{subsection.5.2}{\376\377\225\356\230\230\116\214\377\032\173\126\165\145\137\161\124\315\176\337\213\241\143\250\145\255\116\016\123\302\145\160\145\110\136\224\136\372\152\041}{section.5}% 12
\BOOKMARK [3][-]{subsubsection.5.2.1}{\376\377\173\126\165\145\225\364\135\356\137\002\166\204\227\136\123\302\145\160\150\300\232\214}{subsection.5.2}% 13
\BOOKMARK [3][-]{subsubsection.5.2.2}{\376\377\127\372\116\216\121\105\165\065\145\366\225\364\121\154\137\017\166\204\221\315\123\302\145\160\123\026}{subsection.5.2}% 14
\BOOKMARK [3][-]{subsubsection.5.2.3}{\376\377\123\302\145\160\145\110\136\224\152\041\127\213\116\016\134\017\150\067\147\054\143\250\145\255}{subsection.5.2}% 15
\BOOKMARK [3][-]{subsubsection.5.2.4}{\376\377\000L\000O\000P\000O\000\040\172\063\133\232\140\047\232\214\213\301}{subsection.5.2}% 16
\BOOKMARK [2][-]{subsection.5.3}{\376\377\225\356\230\230\116\011\377\032\145\351\147\037\172\227\123\343\217\150\217\371\230\204\155\113\116\016\133\377\124\175\131\026\143\250}{section.5}% 17
\BOOKMARK [3][-]{subsubsection.5.3.1}{\376\377\000T\000r\000e\000n\000d\000-\000P\000C\000A\000-\000R\000i\000d\000g\000e\000\040\130\236\137\072\152\041\127\213}{subsection.5.3}% 18
\BOOKMARK [3][-]{subsubsection.5.3.2}{\376\377\135\114\131\127\000\040\000L\000O\000B\000O\000\040\116\016\116\000\150\007\121\306\213\357\211\304\122\031}{subsection.5.3}% 19
\BOOKMARK [3][-]{subsubsection.5.3.3}{\376\377\145\351\147\037\172\227\123\343\225\177\136\246\116\016\155\113\213\325\226\306\131\026\143\250}{subsection.5.3}% 20
\BOOKMARK [2][-]{subsection.5.4}{\376\377\225\356\230\230\126\333\377\032\121\174\230\176\137\353\121\105\145\366\225\364\116\016\133\377\124\175\210\160\121\317\166\204\173\126\165\145\117\030\123\026}{section.5}% 21
\BOOKMARK [3][-]{subsubsection.5.4.1}{\376\377\123\314\134\102\117\030\123\026\147\266\147\204}{subsection.5.4}% 22
\BOOKMARK [3][-]{subsubsection.5.4.2}{\376\377\000A\000\040\134\102\377\032\176\317\232\214\000\040\000P\000a\000r\000e\000t\000o\000\040\116\016\123\302\161\147\127\372\121\306}{subsection.5.4}% 23
\BOOKMARK [3][-]{subsubsection.5.4.3}{\376\377\000B\000\040\134\102\377\032\134\100\220\350\123\357\210\114\127\337\116\016\234\201\150\322\117\030\123\026}{subsection.5.4}% 24
\BOOKMARK [3][-]{subsubsection.5.4.4}{\376\377\120\031\220\011\213\304\117\060\116\016\123\213\122\233\155\113\213\325}{subsection.5.4}% 25
\BOOKMARK [3][-]{subsubsection.5.4.5}{\376\377\000Q\0003\000\040\116\000\201\364\140\047\133\241\213\241}{subsection.5.4}% 26
\BOOKMARK [3][-]{subsubsection.5.4.6}{\376\377\147\000\176\310\143\250\203\120}{subsection.5.4}% 27
\BOOKMARK [1][-]{section.6}{\376\377\145\117\141\037\136\246\122\006\147\220}{}% 28
\BOOKMARK [2][-]{subsection.6.1}{\376\377\225\356\230\230\116\000\377\032\156\005\155\027\226\010\120\074\116\016\215\167\173\227\127\010\145\160\145\117\141\037\136\246}{section.6}% 29
\BOOKMARK [2][-]{subsection.6.2}{\376\377\225\356\230\230\116\214\377\032\123\302\145\160\145\110\136\224\152\041\127\213\131\026\143\250\145\117\141\037\136\246}{section.6}% 30
\BOOKMARK [2][-]{subsection.6.3}{\376\377\225\356\230\230\116\011\377\032\145\351\147\037\172\227\123\343\116\016\162\171\137\201\176\304\124\010\145\117\141\037\136\246}{section.6}% 31
\BOOKMARK [2][-]{subsection.6.4}{\376\377\225\356\230\230\126\333\377\032\145\366\225\364\176\246\147\137\136\046\116\016\123\302\161\147\127\372\121\306\145\117\141\037\136\246}{section.6}% 32
\BOOKMARK [1][-]{section.7}{\376\377\152\041\127\213\213\304\116\367\116\016\145\071\217\333}{}% 33
\BOOKMARK [2][-]{subsection.7.1}{\376\377\152\041\127\213\213\304\116\367}{section.7}% 34
\BOOKMARK [2][-]{subsection.7.2}{\376\377\152\041\127\213\145\071\217\333}{section.7}% 35
