\BOOKMARK [1][]{section.1}{\376\377\116\000\060\001\000\040\225\356\230\230\221\315\217\360}{}% 1
\BOOKMARK [2][]{subsection.1.1}{\376\377\0001\000.\0001\000\040\225\356\230\230\200\314\146\157}{section.1}% 2
\BOOKMARK [2][]{subsection.1.2}{\376\377\0001\000.\0002\000\040\225\356\230\230\143\320\121\372}{section.1}% 3
\BOOKMARK [1][]{section.2}{\376\377\116\214\060\001\000\040\225\356\230\230\122\006\147\220}{}% 4
\BOOKMARK [1][]{section.3}{\376\377\116\011\060\001\000\040\152\041\127\213\120\107\213\276}{}% 5
\BOOKMARK [1][]{section.4}{\376\377\126\333\060\001\000\040\173\046\123\367\213\364\146\016}{}% 6
\BOOKMARK [1][]{section.5}{\376\377\116\224\060\001\000\040\152\041\127\213\136\372\172\313\116\016\154\102\211\343}{}% 7
\BOOKMARK [2][]{subsection.5.1}{\376\377\0005\000.\0001\000\040\176\337\116\000\230\204\131\004\164\006\116\016\213\304\116\367\213\276\213\241}{section.5}% 8
\BOOKMARK [3][]{subsubsection.5.1.1}{\376\377\0005\000.\0001\000.\0001\000\040\172\063\120\145\137\002\136\070\150\300\155\113\124\214\000\040\000S\000O\000H\000\040\221\315\173\227}{subsection.5.1}% 9
\BOOKMARK [3][]{subsubsection.5.1.2}{\376\377\0005\000.\0001\000.\0002\000\040\145\351\147\037\220\000\123\026\143\007\150\007\143\320\123\326}{subsection.5.1}% 10
\BOOKMARK [3][]{subsubsection.5.1.3}{\376\377\0005\000.\0001\000.\0003\000\040\176\337\116\000\232\214\213\301\123\237\122\031}{subsection.5.1}% 11
\BOOKMARK [2][]{subsection.5.2}{\376\377\0005\000.\0002\000\040\225\356\230\230\116\000\377\032\173\126\165\145\153\324\217\203\116\016\127\372\121\306\133\377\124\175\117\060\213\241}{section.5}% 12
\BOOKMARK [3][]{subsubsection.5.2.1}{\376\377\0005\000.\0002\000.\0001\000\040\172\063\133\232\153\265\060\001\120\031\220\011\176\323\147\204\116\016\133\377\124\175\121\154\137\017\143\250\133\374}{subsection.5.2}% 13
\BOOKMARK [3][]{subsubsection.5.2.2}{\376\377\0005\000.\0002\000.\0002\000\040\116\000\150\007\121\306\213\357\220\011\142\351\116\016\131\026\134\102\232\214\213\301}{subsection.5.2}% 14
\BOOKMARK [3][]{subsubsection.5.2.3}{\376\377\0005\000.\0002\000.\0003\000\040\116\135\171\315\173\126\165\145\166\204\153\324\217\203\176\323\147\234}{subsection.5.2}% 15
\BOOKMARK [2][]{subsection.5.3}{\376\377\0005\000.\0003\000\040\225\356\230\230\116\214\377\032\137\353\121\105\123\302\145\160\137\161\124\315\122\006\147\220}{section.5}% 16
\BOOKMARK [3][]{subsubsection.5.3.1}{\376\377\0005\000.\0003\000.\0001\000\040\173\126\165\145\140\073\117\123\135\356\137\002\166\204\227\136\123\302\145\160\150\300\232\214\116\016\116\213\124\016\153\324\217\203}{subsection.5.3}% 17
\BOOKMARK [3][]{subsubsection.5.3.2}{\376\377\0005\000.\0003\000.\0002\000\040\116\044\226\066\153\265\121\105\165\065\145\366\225\364\116\016\120\015\163\207\146\264\227\062\143\250\133\374}{subsection.5.3}% 18
\BOOKMARK [3][]{subsubsection.5.3.3}{\376\377\0005\000.\0003\000.\0003\000\040\166\370\121\163\140\047\060\001\121\161\176\277\140\047\116\016\173\126\165\145\176\247\126\336\137\122}{subsection.5.3}% 19
\BOOKMARK [3][]{subsubsection.5.3.4}{\376\377\0005\000.\0003\000.\0004\000\040\145\271\124\021\116\000\201\364\140\047\150\300\232\214\377\032\220\177\121\115\124\014\116\000\000\040\000S\000O\000H\000\040\137\252\163\257\213\272\213\301}{subsection.5.3}% 20
\BOOKMARK [3][]{subsubsection.5.3.5}{\376\377\0005\000.\0003\000.\0005\000\040\000S\000O\000C\000\040\122\006\165\114\145\117\141\037\140\047\116\016\121\163\200\124\211\343\221\312}{subsection.5.3}% 21
\BOOKMARK [3][]{subsubsection.5.3.6}{\376\377\0005\000.\0003\000.\0006\000\040\123\357\200\375\147\072\122\066\116\016\213\301\143\156\217\271\165\114}{subsection.5.3}% 22
\BOOKMARK [2][]{subsection.5.4}{\376\377\0005\000.\0004\000\040\225\356\230\230\116\011\377\032\147\052\147\145\000\040\0005\0000\000\040\127\010\000\040\000S\000O\000H\000\040\230\204\155\113\116\016\133\377\124\175\117\060\213\241}{section.5}% 23
\BOOKMARK [3][]{subsubsection.5.4.1}{\376\377\0005\000.\0004\000.\0001\000\040\230\204\155\113\116\373\122\241\124\214\145\340\154\304\157\017\232\214\213\301}{subsection.5.4}% 24
\BOOKMARK [3][]{subsubsection.5.4.2}{\376\377\0005\000.\0004\000.\0002\000\040\215\213\122\277\127\372\176\277\116\016\000T\000r\000e\000n\000d\040\023\000P\000C\000A\040\023\000R\000i\000d\000g\000e\130\236\137\072\152\041\127\213}{subsection.5.4}% 25
\BOOKMARK [3][]{subsubsection.5.4.3}{\376\377\0005\000.\0004\000.\0003\000\040\152\041\127\213\220\011\142\351\060\001\155\210\207\215\116\016\117\341\140\157\215\041\163\056}{subsection.5.4}% 26
\BOOKMARK [3][]{subsubsection.5.4.4}{\376\377\0005\000.\0004\000.\0004\000\040\155\113\213\325\165\065\154\140\230\204\155\113\116\016\000E\000O\000L\131\026\143\250}{subsection.5.4}% 27
\BOOKMARK [3][]{subsubsection.5.4.5}{\376\377\0005\000.\0004\000.\0005\000\040\225\177\147\037\116\011\127\107\120\074\217\205\122\251\123\213\122\233\155\113\213\325}{subsection.5.4}% 28
\BOOKMARK [2][]{subsection.5.5}{\376\377\0005\000.\0005\000\040\225\356\230\230\126\333\377\032\121\105\165\065\173\126\165\145\117\030\123\026}{section.5}% 29
\BOOKMARK [3][]{subsubsection.5.5.1}{\376\377\0005\000.\0005\000.\0001\000\040\117\030\123\026\166\356\150\007\060\001\145\366\225\364\152\041\127\213\116\016\116\073\220\000\123\026\143\007\150\007}{subsection.5.5}% 30
\BOOKMARK [3][]{subsubsection.5.5.2}{\376\377\0005\000.\0005\000.\0002\000\040\116\135\171\315\135\362\147\011\173\126\165\145\166\204\176\317\232\214\000P\000a\000r\000e\000t\000o\117\030\220\011}{subsection.5.5}% 31
\BOOKMARK [3][]{subsubsection.5.5.3}{\376\377\0005\000.\0005\000.\0003\000\040\121\155\116\052\217\321\173\111\145\366\145\260\176\323\147\204\173\126\165\145\166\204\134\100\220\350\123\357\210\114\127\337}{subsection.5.5}% 32
\BOOKMARK [3][]{subsubsection.5.5.4}{\376\377\0005\000.\0005\000.\0004\000\040\000B\000o\000o\000t\000s\000t\000r\000a\000p\122\006\117\115\145\160\166\356\150\007\116\016\162\354\172\313\172\063\133\232\140\047\133\241\213\241}{subsection.5.5}% 33
\BOOKMARK [3][]{subsubsection.5.5.5}{\376\377\0005\000.\0005\000.\0005\000\040\147\000\176\310\143\250\203\120\123\312\116\016\121\170\127\213\225\177\167\355\133\377\124\175\173\126\165\145\153\324\217\203}{subsection.5.5}% 34
\BOOKMARK [3][]{subsubsection.5.5.6}{\376\377\0005\000.\0005\000.\0006\000\040\225\356\230\230\116\011\167\355\147\037\116\000\201\364\140\047\116\016\220\002\165\050\230\316\226\151}{subsection.5.5}% 35
\BOOKMARK [1][]{section.6}{\376\377\121\155\060\001\000\040\152\041\127\213\213\304\116\367\116\016\176\323\213\272\217\271\165\114}{}% 36
\BOOKMARK [2][]{subsection.6.1}{\376\377\0006\000.\0001\000\040\117\030\160\271}{section.6}% 37
\BOOKMARK [2][]{subsection.6.2}{\376\377\0006\000.\0002\000\040\134\100\226\120\116\016\124\016\176\355\135\345\117\134}{section.6}% 38
\BOOKMARK [1][]{section*.6}{\376\377\123\302\200\003\145\207\163\056}{}% 39
